root@4715eb6cddc5:~# vim sales.csv
root@4715eb6cddc5:~# cat sales.csv
Product,Price,Payment_Type,Name,City,State,Country
Product1,1200,Mastercard,carolina,Basildon,England,United Kingdom
Product1,1200,Visa,Betina,Parkville,MO,United States
Product1,1200,Mastercard,Federica e Andrea,Astoria,OR,United States
Product1,1200,Visa,Gouya,Echuca,Victoria,Australia
Product2,3600,Visa,Gerd W ,Cahaba Heights,AL,United States
Product1,1200,Visa,LAURENCE,Mickleton,NJ,United States
Product1,1200,Mastercard,Fleur,Peoria ,IL,United States
Product1,1200,Mastercard,adam,Martin ,TN,United States
Product1,1200,Mastercard,Renee Elisabeth,Tel Aviv,Tel Aviv,Israel
Product1,1200,Visa,Aidan,Chatou,Ile-de-France,France
Product1,1200,Diners,Stacy,New York ,NY,United States
Product1,1200,Amex,Heidi,Eindhoven,Noord-Brabant,Netherlands
Product1,1200,Mastercard,Sean ,Shavano Park,TX,United States
Product1,1200,Visa,Georgia,Eagle,ID,United States
root@4715eb6cddc5:~# vim Activity3.pig
root@4715eb6cddc5:~# cat Activity3.pig
-- Load the CSV file
salesTable = LOAD 'hdfs:///user/meg/sales.csv' USING PigStorage(',') AS (Product:chararray,Price:chararray,Payment_Type:chararray,Name:chararray,City:chararray,State:chararray,Country:chararray);

-- Group data using the country column
GroupByCountry = GROUP salesTable BY Country;

-- Generate result format
CountByCountry = FOREACH GroupByCountry GENERATE CONCAT((chararray)$0, CONCAT(':', (chararray)COUNT($1)));

-- Delete the output folder
rmf hdfs:///user/meg/salesOutput;

-- Save result in HDFS folder
STORE CountByCountry INTO 'hdfs:///user/meg/salesOutput' USING PigStorage('\t');
root@4715eb6cddc5:~# hdfs dfs -put -f sales.csv /user/meg
root@4715eb6cddc5:~# pig Activity3.pig
2023-12-14 08:34:27,755 INFO pig.ExecTypeProvider: Trying ExecType : LOCAL
2023-12-14 08:34:27,757 INFO pig.ExecTypeProvider: Trying ExecType : MAPREDUCE
2023-12-14 08:34:27,757 INFO pig.ExecTypeProvider: Picked MAPREDUCE as the ExecType
2023-12-14 08:34:27,816 [main] INFO  org.apache.pig.Main - Apache Pig version 0.17.0 (r1797386) compiled Jun 02 2017, 15:41:58
2023-12-14 08:34:27,817 [main] INFO  org.apache.pig.Main - Logging error messages to: /root/pig_1702542867810.log
2023-12-14 08:34:28,053 [main] INFO  org.apache.pig.impl.util.Utils - Default bootup file /root/.pigbootup not found
2023-12-14 08:34:28,106 [main] INFO  org.apache.hadoop.conf.Configuration.deprecation - mapred.job.tracker is deprecated. Instead, use mapreduce.jobtracker.address
2023-12-14 08:34:28,106 [main] INFO  org.apache.pig.backend.hadoop.executionengine.HExecutionEngine - Connecting to hadoop file system at: hdfs://4715eb6cddc5:9000
2023-12-14 08:34:28,508 [main] INFO  org.apache.pig.PigServer - Pig Script ID for the session: PIG-Activity3.pig-c9974483-2771-4e1b-bfe2-aef6678b6a95
2023-12-14 08:34:28,508 [main] WARN  org.apache.pig.PigServer - ATS is disabled since yarn.timeline-service.enabled set to false
2023-12-14 08:34:29,153 [main] INFO  org.apache.pig.tools.grunt.GruntParser - Waited 0ms to delete file
2023-12-14 08:34:29,217 [main] INFO  org.apache.hadoop.conf.Configuration.deprecation - mapred.textoutputformat.separator is deprecated. Instead, use mapreduce.output.textoutputformat.separator
2023-12-14 08:34:29,229 [main] INFO  org.apache.pig.tools.pigstats.ScriptState - Pig features used in the script: GROUP_BY
2023-12-14 08:34:29,263 [main] INFO  org.apache.pig.data.SchemaTupleBackend - Key [pig.schematuple] was not set... will not generate code.
2023-12-14 08:34:29,289 [main] INFO  org.apache.pig.newplan.logical.optimizer.LogicalPlanOptimizer - {RULES_ENABLED=[AddForEach, ColumnMapKeyPrune, ConstantCalculator, GroupByConstParallelSetter, LimitOptimizer, LoadTypeCastInserter, MergeFilter, MergeForEach, NestedLimitOptimizer, PartitionFilterOptimizer, PredicatePushdownOptimizer, PushDownForEachFlatten, PushUpFilter, SplitFilter, StreamTypeCastInserter]}
2023-12-14 08:34:29,360 [main] INFO  org.apache.pig.impl.util.SpillableMemoryManager - Selected heap (PS Old Gen) of size 699400192 to monitor. collectionUsageThreshold = 489580128, usageThreshold = 489580128
2023-12-14 08:34:29,410 [main] INFO  org.apache.pig.backend.hadoop.executionengine.mapReduceLayer.MRCompiler - File concatenation threshold: 100 optimistic? false
2023-12-14 08:34:29,422 [main] INFO  org.apache.pig.backend.hadoop.executionengine.util.CombinerOptimizerUtil - Choosing to move algebraic foreach to combiner
2023-12-14 08:34:29,447 [main] INFO  org.apache.pig.backend.hadoop.executionengine.mapReduceLayer.MultiQueryOptimizer - MR plan size before optimization: 1
2023-12-14 08:34:29,448 [main] INFO  org.apache.pig.backend.hadoop.executionengine.mapReduceLayer.MultiQueryOptimizer - MR plan size after optimization: 1
2023-12-14 08:34:29,514 [main] INFO  org.apache.hadoop.yarn.client.DefaultNoHARMFailoverProxyProvider - Connecting to ResourceManager at /0.0.0.0:8032
2023-12-14 08:34:29,673 [main] INFO  org.apache.hadoop.conf.Configuration.deprecation - yarn.resourcemanager.system-metrics-publisher.enabled is deprecated. Instead, use yarn.system-metrics-publisher.enabled
2023-12-14 08:34:29,686 [main] INFO  org.apache.pig.tools.pigstats.mapreduce.MRScriptState - Pig script settings are added to the job
2023-12-14 08:34:29,692 [main] INFO  org.apache.hadoop.conf.Configuration.deprecation - mapred.job.reduce.markreset.buffer.percent is deprecated. Instead, use mapreduce.reduce.markreset.buffer.percent
2023-12-14 08:34:29,692 [main] INFO  org.apache.pig.backend.hadoop.executionengine.mapReduceLayer.JobControlCompiler - mapred.job.reduce.markreset.buffer.percent is not set, set to default 0.3
2023-12-14 08:34:29,694 [main] INFO  org.apache.hadoop.conf.Configuration.deprecation - mapred.output.compress is deprecated. Instead, use mapreduce.output.fileoutputformat.compress
2023-12-14 08:34:29,697 [main] INFO  org.apache.pig.backend.hadoop.executionengine.mapReduceLayer.JobControlCompiler - Reduce phase detected, estimating # of required reducers.
2023-12-14 08:34:29,699 [main] INFO  org.apache.pig.backend.hadoop.executionengine.mapReduceLayer.JobControlCompiler - Using reducer estimator: org.apache.pig.backend.hadoop.executionengine.mapReduceLayer.InputSizeReducerEstimator
2023-12-14 08:34:29,709 [main] INFO  org.apache.pig.backend.hadoop.executionengine.mapReduceLayer.InputSizeReducerEstimator - BytesPerReducer=1000000000 maxReducers=999 totalInputFileSize=859
2023-12-14 08:34:29,709 [main] INFO  org.apache.pig.backend.hadoop.executionengine.mapReduceLayer.JobControlCompiler - Setting Parallelism to 1
2023-12-14 08:34:29,709 [main] INFO  org.apache.hadoop.conf.Configuration.deprecation - mapred.reduce.tasks is deprecated. Instead, use mapreduce.job.reduces
2023-12-14 08:34:29,709 [main] INFO  org.apache.pig.backend.hadoop.executionengine.mapReduceLayer.JobControlCompiler - This job cannot be converted run in-process
2023-12-14 08:34:29,723 [main] INFO  org.apache.hadoop.conf.Configuration.deprecation - mapred.submit.replication is deprecated. Instead, use mapreduce.client.submit.file.replication
2023-12-14 08:34:29,942 [main] INFO  org.apache.pig.backend.hadoop.executionengine.mapReduceLayer.JobControlCompiler - Added jar file:/usr/local/pig-0.17.0/pig-0.17.0-core-h2.jar to DistributedCache through /tmp/temp-886526984/tmp1738288334/pig-0.17.0-core-h2.jar
2023-12-14 08:34:29,965 [main] INFO  org.apache.pig.backend.hadoop.executionengine.mapReduceLayer.JobControlCompiler - Added jar file:/usr/local/pig-0.17.0/lib/automaton-1.11-8.jar to DistributedCache through /tmp/temp-886526984/tmp-608311885/automaton-1.11-8.jar
2023-12-14 08:34:29,992 [main] INFO  org.apache.pig.backend.hadoop.executionengine.mapReduceLayer.JobControlCompiler - Added jar file:/usr/local/pig-0.17.0/lib/antlr-runtime-3.4.jar to DistributedCache through /tmp/temp-886526984/tmp2048016933/antlr-runtime-3.4.jar
2023-12-14 08:34:30,017 [main] INFO  org.apache.pig.backend.hadoop.executionengine.mapReduceLayer.JobControlCompiler - Added jar file:/usr/local/pig-0.17.0/lib/joda-time-2.9.3.jar to DistributedCache through /tmp/temp-886526984/tmp771345245/joda-time-2.9.3.jar
2023-12-14 08:34:30,027 [main] INFO  org.apache.pig.backend.hadoop.executionengine.mapReduceLayer.JobControlCompiler - Setting up single store job
2023-12-14 08:34:30,033 [main] INFO  org.apache.pig.data.SchemaTupleFrontend - Key [pig.schematuple] is false, will not generate code.
2023-12-14 08:34:30,033 [main] INFO  org.apache.pig.data.SchemaTupleFrontend - Starting process to move generated code to distributed cacche
2023-12-14 08:34:30,033 [main] INFO  org.apache.pig.data.SchemaTupleFrontend - Setting key [pig.schematuple.classes] with classes to deserialize []
2023-12-14 08:34:30,113 [main] INFO  org.apache.pig.backend.hadoop.executionengine.mapReduceLayer.MapReduceLauncher - 1 map-reduce job(s) waiting for submission.
2023-12-14 08:34:30,122 [JobControl] INFO  org.apache.hadoop.yarn.client.DefaultNoHARMFailoverProxyProvider - Connecting to ResourceManager at /0.0.0.0:8032
2023-12-14 08:34:30,134 [JobControl] INFO  org.apache.hadoop.conf.Configuration.deprecation - mapred.task.id is deprecated. Instead, use mapreduce.task.attempt.id
2023-12-14 08:34:30,242 [JobControl] INFO  org.apache.hadoop.mapreduce.JobResourceUploader - Disabling Erasure Coding for path: /tmp/hadoop-yarn/staging/root/.staging/job_1702534424448_0005
2023-12-14 08:34:30,254 [JobControl] WARN  org.apache.hadoop.mapreduce.JobResourceUploader - No job jar file set.  User classes may not be found. See Job or Job#setJar(String).
2023-12-14 08:34:30,277 [JobControl] INFO  org.apache.pig.builtin.PigStorage - Using PigTextInputFormat
2023-12-14 08:34:30,285 [JobControl] INFO  org.apache.hadoop.mapreduce.lib.input.FileInputFormat - Total input files to process : 1
2023-12-14 08:34:30,286 [JobControl] INFO  org.apache.pig.backend.hadoop.executionengine.util.MapRedUtil - Total input paths to process : 1
2023-12-14 08:34:30,321 [JobControl] INFO  org.apache.pig.backend.hadoop.executionengine.util.MapRedUtil - Total input paths (combined) to process : 1
2023-12-14 08:34:30,381 [JobControl] INFO  org.apache.hadoop.mapreduce.JobSubmitter - number of splits:1
2023-12-14 08:34:30,469 [JobControl] INFO  org.apache.hadoop.conf.Configuration.deprecation - yarn.resourcemanager.system-metrics-publisher.enabled is deprecated. Instead, use yarn.system-metrics-publisher.enabled
2023-12-14 08:34:30,550 [JobControl] INFO  org.apache.hadoop.mapreduce.JobSubmitter - Submitting tokens for job: job_1702534424448_0005
2023-12-14 08:34:30,550 [JobControl] INFO  org.apache.hadoop.mapreduce.JobSubmitter - Executing with tokens: []
2023-12-14 08:34:30,671 [JobControl] INFO  org.apache.hadoop.mapred.YARNRunner - Job jar is not present. Not adding any jar to the list of resources.
2023-12-14 08:34:30,733 [JobControl] INFO  org.apache.hadoop.conf.Configuration - resource-types.xml not found
2023-12-14 08:34:30,733 [JobControl] INFO  org.apache.hadoop.yarn.util.resource.ResourceUtils - Unable to find 'resource-types.xml'.
2023-12-14 08:34:30,789 [JobControl] INFO  org.apache.hadoop.yarn.client.api.impl.YarnClientImpl - Submitted application application_1702534424448_0005
2023-12-14 08:34:30,840 [JobControl] INFO  org.apache.hadoop.mapreduce.Job - The url to track the job: http://4715eb6cddc5:8088/proxy/application_1702534424448_0005/
2023-12-14 08:34:30,840 [main] INFO  org.apache.pig.backend.hadoop.executionengine.mapReduceLayer.MapReduceLauncher - HadoopJobId: job_1702534424448_0005
2023-12-14 08:34:30,840 [main] INFO  org.apache.pig.backend.hadoop.executionengine.mapReduceLayer.MapReduceLauncher - Processing aliases CountByCountry,GroupByCountry,salesTable
2023-12-14 08:34:30,841 [main] INFO  org.apache.pig.backend.hadoop.executionengine.mapReduceLayer.MapReduceLauncher - detailed locations: M: salesTable[2,13],salesTable[-1,-1],CountByCountry[8,17],GroupByCountry[5,17] C: CountByCountry[8,17],GroupByCountry[5,17] R: CountByCountry[8,17]
2023-12-14 08:34:30,848 [main] INFO  org.apache.pig.backend.hadoop.executionengine.mapReduceLayer.MapReduceLauncher - 0% complete
2023-12-14 08:34:30,848 [main] INFO  org.apache.pig.backend.hadoop.executionengine.mapReduceLayer.MapReduceLauncher - Running jobs are [job_1702534424448_0005]
2023-12-14 08:34:40,921 [main] INFO  org.apache.pig.backend.hadoop.executionengine.mapReduceLayer.MapReduceLauncher - 50% complete
2023-12-14 08:34:40,921 [main] INFO  org.apache.pig.backend.hadoop.executionengine.mapReduceLayer.MapReduceLauncher - Running jobs are [job_1702534424448_0005]
2023-12-14 08:34:45,931 [main] INFO  org.apache.pig.backend.hadoop.executionengine.mapReduceLayer.MapReduceLauncher - Running jobs are [job_1702534424448_0005]
2023-12-14 08:34:50,950 [main] INFO  org.apache.hadoop.yarn.client.DefaultNoHARMFailoverProxyProvider - Connecting to ResourceManager at /0.0.0.0:8032
2023-12-14 08:34:50,964 [main] INFO  org.apache.hadoop.mapred.ClientServiceDelegate - Application state is completed. FinalApplicationStatus=SUCCEEDED. Redirecting to job history server
2023-12-14 08:34:51,160 [main] INFO  org.apache.hadoop.yarn.client.DefaultNoHARMFailoverProxyProvider - Connecting to ResourceManager at /0.0.0.0:8032
2023-12-14 08:34:51,168 [main] INFO  org.apache.hadoop.mapred.ClientServiceDelegate - Application state is completed. FinalApplicationStatus=SUCCEEDED. Redirecting to job history server
2023-12-14 08:34:51,204 [main] INFO  org.apache.hadoop.yarn.client.DefaultNoHARMFailoverProxyProvider - Connecting to ResourceManager at /0.0.0.0:8032
2023-12-14 08:34:51,213 [main] INFO  org.apache.hadoop.mapred.ClientServiceDelegate - Application state is completed. FinalApplicationStatus=SUCCEEDED. Redirecting to job history server
2023-12-14 08:34:51,274 [main] INFO  org.apache.pig.backend.hadoop.executionengine.mapReduceLayer.MapReduceLauncher - 100% complete
2023-12-14 08:34:51,280 [main] INFO  org.apache.pig.tools.pigstats.mapreduce.SimplePigStats - Script Statistics:

HadoopVersion   PigVersion      UserId  StartedAt       FinishedAt      Features
3.3.1   0.17.0  root    2023-12-14 08:34:29     2023-12-14 08:34:51     GROUP_BY

Success!

Job Stats (time in seconds):
JobId   Maps    Reduces MaxMapTime      MinMapTime      AvgMapTime      MedianMapTime   MaxReduceTime   MinReduceTime   AvgReduceTimeMedianReducetime        Alias   Feature Outputs
job_1702534424448_0005  1       1       2       2       2       2       2       2       2       2       CountByCountry,GroupByCountry,salesTable     GROUP_BY,COMBINER       hdfs:///user/meg/salesOutput,

Input(s):
Successfully read 15 records (1229 bytes) from: "hdfs:///user/meg/sales.csv"

Output(s):
Successfully stored 7 records (87 bytes) in: "hdfs:///user/meg/salesOutput"

Counters:
Total records written : 7
Total bytes written : 87
Spillable Memory Manager spill count : 0
Total bags proactively spilled: 0
Total records proactively spilled: 0

Job DAG:
job_1702534424448_0005


2023-12-14 08:34:51,283 [main] INFO  org.apache.hadoop.yarn.client.DefaultNoHARMFailoverProxyProvider - Connecting to ResourceManager at /0.0.0.0:8032
2023-12-14 08:34:51,288 [main] INFO  org.apache.hadoop.mapred.ClientServiceDelegate - Application state is completed. FinalApplicationStatus=SUCCEEDED. Redirecting to job history server
2023-12-14 08:34:51,313 [main] INFO  org.apache.hadoop.yarn.client.DefaultNoHARMFailoverProxyProvider - Connecting to ResourceManager at /0.0.0.0:8032
2023-12-14 08:34:51,321 [main] INFO  org.apache.hadoop.mapred.ClientServiceDelegate - Application state is completed. FinalApplicationStatus=SUCCEEDED. Redirecting to job history server
2023-12-14 08:34:51,351 [main] INFO  org.apache.hadoop.yarn.client.DefaultNoHARMFailoverProxyProvider - Connecting to ResourceManager at /0.0.0.0:8032
2023-12-14 08:34:51,358 [main] INFO  org.apache.hadoop.mapred.ClientServiceDelegate - Application state is completed. FinalApplicationStatus=SUCCEEDED. Redirecting to job history server
2023-12-14 08:34:51,384 [main] INFO  org.apache.pig.backend.hadoop.executionengine.mapReduceLayer.MapReduceLauncher - Success!
2023-12-14 08:34:51,407 [main] INFO  org.apache.pig.Main - Pig script completed in 23 seconds and 682 milliseconds (23682 ms)
root@4715eb6cddc5:~# hdfs dfs -ls /user/meg
Found 5 items
drwxr-xr-x   - root supergroup          0 2023-12-14 07:39 /user/meg/PigOutput
-rw-r--r--   1 root supergroup         57 2023-12-14 07:39 /user/meg/input.txt
-rw-r--r--   1 root supergroup        859 2023-12-14 08:34 /user/meg/sales.csv
drwxr-xr-x   - root supergroup          0 2023-12-14 08:34 /user/meg/salesOutput
drwxr-xr-x   - root supergroup          0 2023-12-13 06:49 /user/meg/textData
root@4715eb6cddc5:~# hdfs dfs -ls /user/meg/salesOutput
Found 2 items
-rw-r--r--   1 root supergroup          0 2023-12-14 08:34 /user/meg/salesOutput/_SUCCESS
-rw-r--r--   1 root supergroup         87 2023-12-14 08:34 /user/meg/salesOutput/part-r-00000
root@4715eb6cddc5:~# hdfs dfs -cat /user/meg/salesOutput/part-r-00000
France:1
Israel:1
Country:1
Australia:1
Netherlands:1
United States:9
United Kingdom:1